../Core/Src/ds18b20_PFE.c:29:9:DS18B20_Start	8	static
../Core/Src/ds18b20_PFE.c:47:6:DS18B20_StartAll	8	static
../Core/Src/ds18b20_PFE.c:57:9:DS18B20_Read	32	static
../Core/Src/ds18b20_PFE.c:121:9:DS18B20_GetResolution	8	static
../Core/Src/ds18b20_PFE.c:148:9:DS18B20_SetResolution	24	static
../Core/Src/ds18b20_PFE.c:204:9:DS18B20_Is	0	static
../Core/Src/ds18b20_PFE.c:211:9:DS18B20_AllDone	0	static
../Core/Src/ds18b20_PFE.c:216:6:DS18B20_ReadAll	24	static
../Core/Src/ds18b20_PFE.c:234:6:DS18B20_GetROM	0	static
../Core/Src/ds18b20_PFE.c:245:6:DS18B20_WriteROM	0	static
../Core/Src/ds18b20_PFE.c:256:9:DS18B20_Quantity	0	static
../Core/Src/ds18b20_PFE.c:261:9:DS18B20_GetTemperature	0	static
../Core/Src/ds18b20_PFE.c:271:6:DS18B20_Init	24	static
