../Core/Src/onewire_SONDE.c:19:6:OneWire_Delay	0	static
../Core/Src/onewire_SONDE.c:28:6:OneWire_BusInputDirection	24	static
../Core/Src/onewire_SONDE.c:38:6:OneWire_BusOutputDirection	24	static
../Core/Src/onewire_SONDE.c:51:6:OneWire_OutputLow	0	static
../Core/Src/onewire_SONDE.c:56:6:OneWire_OutputHigh	0	static
../Core/Src/onewire_SONDE.c:68:9:OneWire_Reset	8	static
../Core/Src/onewire_SONDE.c:89:6:OneWire_WriteBit	8	static
../Core/Src/onewire_SONDE.c:111:9:OneWire_ReadBit	8	static
../Core/Src/onewire_SONDE.c:130:6:OneWire_WriteByte	16	static
../Core/Src/onewire_SONDE.c:141:9:OneWire_ReadByte	16	static
../Core/Src/onewire_SONDE.c:156:6:OneWire_ResetSearch	0	static
../Core/Src/onewire_SONDE.c:164:9:OneWire_Search	32	static
../Core/Src/onewire_SONDE.c:281:9:OneWire_First	0	static
../Core/Src/onewire_SONDE.c:291:9:OneWire_Next	0	static
../Core/Src/onewire_SONDE.c:300:6:OneWire_Select	16	static
../Core/Src/onewire_SONDE.c:314:6:OneWire_SelectWithPointer	0	static
../Core/Src/onewire_SONDE.c:328:6:OneWire_GetFullROM	0	static
../Core/Src/onewire_SONDE.c:339:9:OneWire_CRC8	12	static
../Core/Src/onewire_SONDE.c:363:6:OneWire_Init	16	static
